
> ALTFaze@1.0.0 build
> next build

   Γû▓ Next.js 14.0.4
   - Environments: .env.local, .env

   Creating an optimized production build ...
npm : Browserslist: caniuse-lite is outdated. Please run:
At line:1 char:1
+ npm run build 2>&1 > build-output.txt ; echo "Exit code: $LASTEXITCOD ...
+ ~~~~~~~~~~~~~~~~~~~~~~~~~~~~~~~~~~~~~
    + CategoryInfo          : NotSpecified: (Browserslist: c...ed. Please run: 
   :String) [], RemoteException
    + FullyQualifiedErrorId : NativeCommandError
 
  npx update-browserslist-db@latest
  Why you should do it regularly: 
https://github.com/browserslist/update-db#readme
 Γ£ô Compiled successfully
   Linting and checking validity of types ...

./app/(client)/freelancers/page.tsx
50:6  Warning: React Hook useEffect has a missing dependency: 'fetchFreelancers'. Either include it or remove the dependency array.  react-hooks/exhaustive-deps

./app/(client)/freelancers/[id]/page.tsx
65:6  Warning: React Hook useEffect has a missing dependency: 'fetchFreelancerDetails'. Either include it or remove the dependency array.  react-hooks/exhaustive-deps
217:29  Warning: Using `<img>` could result in slower LCP and higher bandwidth. Consider using `<Image />` from `next/image` to automatically optimize images. This may incur additional usage or cost from your provider. See: https://nextjs.org/docs/messages/no-img-element  @next/next/no-img-element

./app/(client)/profile/page.tsx
50:6  Warning: React Hook useEffect has a missing dependency: 'fetchProfile'. Either include it or remove the dependency array.  react-hooks/exhaustive-deps

./app/(client)/requests/page.tsx
50:6  Warning: React Hook useEffect has a missing dependency: 'fetchRequests'. Either include it or remove the dependency array.  react-hooks/exhaustive-deps

./app/(client)/wallet/page.tsx
48:6  Warning: React Hook useEffect has a missing dependency: 'fetchWallet'. Either include it or remove the dependency array.  react-hooks/exhaustive-deps

./app/(freelancer)/my-requests/page.tsx
48:6  Warning: React Hook useEffect has a missing dependency: 'fetchRequests'. Either include it or remove the dependency array.  react-hooks/exhaustive-deps

./app/(marketing)/hero/page.tsx
46:11  Warning: Using `<img>` could result in slower LCP and higher bandwidth. Consider using `<Image />` from `next/image` to automatically optimize images. This may incur additional usage or cost from your provider. See: https://nextjs.org/docs/messages/no-img-element  @next/next/no-img-element
51:11  Warning: Using `<img>` could result in slower LCP and higher bandwidth. Consider using `<Image />` from `next/image` to automatically optimize images. This may incur additional usage or cost from your provider. See: https://nextjs.org/docs/messages/no-img-element  @next/next/no-img-element

./app/(marketing)/templates/page.tsx
43:6  Warning: React Hook useEffect has a missing dependency: 'fetchTemplates'. Either include it or remove the dependency array.  react-hooks/exhaustive-deps
119:23  Warning: Using `<img>` could result in slower LCP and higher bandwidth. Consider using `<Image />` from `next/image` to automatically optimize images. This may incur additional usage or cost from your provider. See: https://nextjs.org/docs/messages/no-img-element  @next/next/no-img-element

./app/(marketing)/templates/[id]/page.tsx
53:6  Warning: React Hook useEffect has missing dependencies: 'checkPurchase' and 'fetchTemplate'. Either include them or remove the dependency array.  react-hooks/exhaustive-deps
195:17  Warning: Using `<img>` could result in slower LCP and higher bandwidth. Consider using `<Image />` from `next/image` to automatically optimize images. This may incur additional usage or cost from your provider. See: https://nextjs.org/docs/messages/no-img-element  @next/next/no-img-element

./components/bento-features.tsx
20:17  Warning: Using `<img>` could result in slower LCP and higher bandwidth. Consider using `<Image />` from `next/image` to automatically optimize images. This may incur additional usage or cost from your provider. See: https://nextjs.org/docs/messages/no-img-element  @next/next/no-img-element
20:17  Warning: img elements must have an alt prop, either with meaningful text, or an empty string for decorative images.  jsx-a11y/alt-text
29:17  Warning: Using `<img>` could result in slower LCP and higher bandwidth. Consider using `<Image />` from `next/image` to automatically optimize images. This may incur additional usage or cost from your provider. See: https://nextjs.org/docs/messages/no-img-element  @next/next/no-img-element
29:17  Warning: img elements must have an alt prop, either with meaningful text, or an empty string for decorative images.  jsx-a11y/alt-text
38:17  Warning: Using `<img>` could result in slower LCP and higher bandwidth. Consider using `<Image />` from `next/image` to automatically optimize images. This may incur additional usage or cost from your provider. See: https://nextjs.org/docs/messages/no-img-element  @next/next/no-img-element
38:17  Warning: img elements must have an alt prop, either with meaningful text, or an empty string for decorative images.  jsx-a11y/alt-text
47:17  Warning: Using `<img>` could result in slower LCP and higher bandwidth. Consider using `<Image />` from `next/image` to automatically optimize images. This may incur additional usage or cost from your provider. See: https://nextjs.org/docs/messages/no-img-element  @next/next/no-img-element
47:17  Warning: img elements must have an alt prop, either with meaningful text, or an empty string for decorative images.  jsx-a11y/alt-text
57:17  Warning: Using `<img>` could result in slower LCP and higher bandwidth. Consider using `<Image />` from `next/image` to automatically optimize images. This may incur additional usage or cost from your provider. See: https://nextjs.org/docs/messages/no-img-element  @next/next/no-img-element
57:17  Warning: img elements must have an alt prop, either with meaningful text, or an empty string for decorative images.  jsx-a11y/alt-text

./components/dashboard-sidebar.tsx
165:15  Warning: Using `<img>` could result in slower LCP and higher bandwidth. Consider using `<Image />` from `next/image` to automatically optimize images. This may incur additional usage or cost from your provider. See: https://nextjs.org/docs/messages/no-img-element  @next/next/no-img-element

./components/social-proof.tsx
23:19  Warning: Using `<img>` could result in slower LCP and higher bandwidth. Consider using `<Image />` from `next/image` to automatically optimize images. This may incur additional usage or cost from your provider. See: https://nextjs.org/docs/messages/no-img-element  @next/next/no-img-element

info  - Need to disable some ESLint rules? Learn more here: https://nextjs.org/docs/basic-features/eslint#disabling-rules
Failed to compile.

Type error: Invalid value for '--ignoreDeprecations'.

