
> ALTFaze@1.0.0 build
> next build

  Γû▓ Next.js 14.2.35
  - Environments: .env

   Creating an optimized production build ...
npm : uncaughtException [Error: EPERM: operation not permitted, open 
'C:\Users\ADMIN\altfaze.ic\.next\trace'] {
At line:1 char:1
+ npm run build 2>&1 | Tee-Object -FilePath build_output.txt
+ ~~~~~~~~~~~~~~~~~~
    + CategoryInfo          : NotSpecified: (uncaughtExcepti....next\trace'] { 
   :String) [], RemoteException
    + FullyQualifiedErrorId : NativeCommandError
 
  errno: -4048,
  code: 'EPERM',
  syscall: 'open',
  path: 'C:\\Users\\ADMIN\\altfaze.ic\\.next\\trace'
}
